// 重构日志: 0c83509a
// 重构日志: 27c8966a
// 重构日志: 49cca22e
// 重构日志: bd240c72
// 同步 ID: b2a1421f @ Mon Jul 13 18:19:13 UTC 2026
// 同步 ID: c9e1abb4 @ Tue Jul 14 05:05:08 UTC 2026
// 同步 ID: f9b796bd @ Tue Jul 14 11:44:23 UTC 2026
// 重构日志: fca2a4b3
// 重构日志: 6ffe5227
// 重构日志: 8eb234c4
// 重构日志: 55f3bc52
// 同步 ID: 34a57f57 @ Thu Jul 16 15:51:52 UTC 2026
// 同步 ID: abda8037 @ Sat Jul 18 04:39:03 UTC 2026
// 同步 ID: 62a307d4 @ Sat Jul 18 13:03:09 UTC 2026
// 同步 ID: 1967487d @ Sun Jul 19 01:40:30 UTC 2026
// 同步 ID: 6b49942a @ Sun Jul 19 08:08:08 UTC 2026
// 重构日志: b3f2d10b
// 重构日志: 2d85537d
// 重构日志: aca6f381
// 重构日志: 42d5c0f9
// 同步 ID: 49737333 @ Mon Jul 20 05:46:35 UTC 2026
// 同步 ID: 126962f4 @ Thu Jul 23 05:14:16 UTC 2026
// 同步 ID: e77cd68f @ Thu Jul 23 11:12:32 UTC 2026
// 重构日志: 3cc0fef5
// 重构日志: 520d7878
// 同步 ID: 315a9dad @ Sat Jul 25 04:45:08 UTC 2026
// 重构日志: aa87083a
// 同步 ID: bd38bb73 @ Sat Jul 25 16:58:49 UTC 2026
// 重构日志: f0a3aa6e
// 同步 ID: b7bfccfa @ Sun Jul 26 12:46:19 UTC 2026
// 重构日志: 4ae6bb21
// 重构日志: e513090f
// 重构日志: 3425e6c0
// 重构日志: 23379382
